------------------------------------------------------------
Timing Analyzer Summary
------------------------------------------------------------

Type  : Slow 1100mV 85C Model Setup 'clk'
Slack : -3.238
TNS   : -134.743

Type  : Slow 1100mV 85C Model Hold 'clk'
Slack : 0.363
TNS   : 0.000

Type  : Slow 1100mV 85C Model Minimum Pulse Width 'clk'
Slack : -0.394
TNS   : -30.610

Type  : Slow 1100mV 0C Model Setup 'clk'
Slack : -3.249
TNS   : -133.285

Type  : Slow 1100mV 0C Model Hold 'clk'
Slack : 0.378
TNS   : 0.000

Type  : Slow 1100mV 0C Model Minimum Pulse Width 'clk'
Slack : -0.394
TNS   : -33.000

Type  : Fast 1100mV 85C Model Setup 'clk'
Slack : -1.398
TNS   : -53.134

Type  : Fast 1100mV 85C Model Hold 'clk'
Slack : 0.178
TNS   : 0.000

Type  : Fast 1100mV 85C Model Minimum Pulse Width 'clk'
Slack : -0.093
TNS   : -5.234

Type  : Fast 1100mV 0C Model Setup 'clk'
Slack : -1.237
TNS   : -45.039

Type  : Fast 1100mV 0C Model Hold 'clk'
Slack : 0.169
TNS   : 0.000

Type  : Fast 1100mV 0C Model Minimum Pulse Width 'clk'
Slack : -0.090
TNS   : -5.092

------------------------------------------------------------
